compose.can-observation.yaml
compose.edge-attach.yaml
compose.real-observation.test.yaml
compose.real-observation.yaml
compose.security.yaml
compose.serial.yaml
compose.yaml
config/fastdds/udp-only.xml
config/sros2/observer.policy.xml
config/sros2/smoke.policy.xml
docker/permit-preflight/json-equal.yq
docker/permit-preflight/permit-preflight
foundation.repos
policy/execution.rego
scripts/ci/integration/verify-synthetic-physical-attach-end-to-end.sh
scripts/ci/lib.sh
scripts/ci/physical-attach.sh
scripts/ci/physical-attach/authorization.sh
scripts/ci/physical-attach/devices.sh
scripts/ci/physical-attach/observation.sh
systemd/robotics-can-observation@.service
test/ci/physical-attach/authorization-template.json
test/ci/physical-attach/observer-command-denied.sh
test/ci/physical-attach/observer-listen.sh
test/ci/physical-attach/observer-unsecured-source-denied.sh
test/ci/physical-attach/policy-input.jq
test/ci/physical-attach/report.json
test/ci/physical-attach/runtime-manifest.jq
test/ci/physical-attach/target-evidence.json
test/ci/physical-attach/verify-time-evidence.jq
test/physical/hil-runtime.input.json
